== Publishing ApplicantsApi (Release) ==
  Determining projects to restore...
  All projects are up-to-date for restore.
  ApplicantsApi -> D:\Applicant-System-HRMDO\HRMDO-Flutter-Recreation\backend\ApplicantsApi\bin\Release\net10.0\ApplicantsApi.dll
  ApplicantsApi -> D:\Applicant-System-HRMDO\HRMDO-Flutter-Recreation\deploy\api\
== Building Flutter app (Windows release) ==
Resolving dependencies...
Downloading packages...
  _fe_analyzer_shared 99.0.0 (105.0.0 available)
  analyzer 12.1.0 (14.1.0 available)
  archive 3.6.1 (4.0.9 available)
  dotted_border 2.1.0 (3.1.0 available)
  file_selector_android 0.5.2+8 (0.5.2+9 available)
  flutter_riverpod 3.3.2 (3.4.2 available)
  go_router 16.3.0 (17.3.0 available)
  image 4.3.0 (4.9.1 available)
  matcher 0.12.19 (0.12.20 available)
  meta 1.18.0 (1.19.0 available)
  package_config 2.2.0 (3.0.0 available)
  pdf 3.12.0 (3.13.0 available)
  pointer_interceptor 0.9.3+7 (0.10.1+2 available)
  printing 5.14.3 (5.15.0 available)
  qr 3.0.2 (4.0.0 available)
  riverpod 3.3.2 (3.4.2 available)
  sentry 8.14.2 (9.26.0 available)
  sentry_flutter 8.14.2 (9.26.0 available)
  test 1.31.0 (1.31.2 available)
  test_api 0.7.11 (0.7.13 available)
  test_core 0.6.17 (0.6.19 available)
  vector_math 2.2.0 (2.4.2 available)
  xml 6.6.1 (7.0.1 available)
Got dependencies!
23 packages have newer versions incompatible with dependency constraints.
Try `flutter pub outdated` for more information.
Building Windows application...                                   120.4s
√ Built build\windows\x64\runner\Release\applicants_app.exe
Done. Launch with D:\Applicant-System-HRMDO\HRMDO-Flutter-Recreation\deploy\Start-HRMDO.ps1
